Archive member included to satisfy reference by file (symbol)

d:/mounriver/mounriver_studio/toolchain/risc-v embedded gcc/bin/../lib/gcc/riscv-none-embed/8.2.0/rv32imacxw/ilp32\libgcc.a(save-restore.o)
                              ./LCD/flash.o (__riscv_save_10)
d:/mounriver/mounriver_studio/toolchain/risc-v embedded gcc/bin/../lib/gcc/riscv-none-embed/8.2.0/../../../../riscv-none-embed/lib/rv32imacxw/ilp32\libg_nano.a(lib_a-memcpy.o)
                              ./USB/ch32v30x_usbhs_device.o (memcpy)
d:/mounriver/mounriver_studio/toolchain/risc-v embedded gcc/bin/../lib/gcc/riscv-none-embed/8.2.0/../../../../riscv-none-embed/lib/rv32imacxw/ilp32\libg_nano.a(lib_a-memset.o)
                              ./LCD/spi.o (memset)
d:/mounriver/mounriver_studio/toolchain/risc-v embedded gcc/bin/../lib/gcc/riscv-none-embed/8.2.0/../../../../riscv-none-embed/lib/rv32imacxw/ilp32\libg_nano.a(lib_a-printf.o)
                              ./User/main.o (printf)
d:/mounriver/mounriver_studio/toolchain/risc-v embedded gcc/bin/../lib/gcc/riscv-none-embed/8.2.0/../../../../riscv-none-embed/lib/rv32imacxw/ilp32\libg_nano.a(lib_a-puts.o)
                              ./User/main.o (puts)
d:/mounriver/mounriver_studio/toolchain/risc-v embedded gcc/bin/../lib/gcc/riscv-none-embed/8.2.0/../../../../riscv-none-embed/lib/rv32imacxw/ilp32\libg_nano.a(lib_a-rand.o)
                              ./User/main.o (srand)
d:/mounriver/mounriver_studio/toolchain/risc-v embedded gcc/bin/../lib/gcc/riscv-none-embed/8.2.0/../../../../riscv-none-embed/lib/rv32imacxw/ilp32\libg_nano.a(lib_a-wbuf.o)
                              d:/mounriver/mounriver_studio/toolchain/risc-v embedded gcc/bin/../lib/gcc/riscv-none-embed/8.2.0/../../../../riscv-none-embed/lib/rv32imacxw/ilp32\libg_nano.a(lib_a-puts.o) (__swbuf_r)
d:/mounriver/mounriver_studio/toolchain/risc-v embedded gcc/bin/../lib/gcc/riscv-none-embed/8.2.0/../../../../riscv-none-embed/lib/rv32imacxw/ilp32\libg_nano.a(lib_a-wsetup.o)
                              d:/mounriver/mounriver_studio/toolchain/risc-v embedded gcc/bin/../lib/gcc/riscv-none-embed/8.2.0/../../../../riscv-none-embed/lib/rv32imacxw/ilp32\libg_nano.a(lib_a-puts.o) (__swsetup_r)
d:/mounriver/mounriver_studio/toolchain/risc-v embedded gcc/bin/../lib/gcc/riscv-none-embed/8.2.0/../../../../riscv-none-embed/lib/rv32imacxw/ilp32\libg_nano.a(lib_a-fflush.o)
                              d:/mounriver/mounriver_studio/toolchain/risc-v embedded gcc/bin/../lib/gcc/riscv-none-embed/8.2.0/../../../../riscv-none-embed/lib/rv32imacxw/ilp32\libg_nano.a(lib_a-wbuf.o) (_fflush_r)
d:/mounriver/mounriver_studio/toolchain/risc-v embedded gcc/bin/../lib/gcc/riscv-none-embed/8.2.0/../../../../riscv-none-embed/lib/rv32imacxw/ilp32\libg_nano.a(lib_a-findfp.o)
                              d:/mounriver/mounriver_studio/toolchain/risc-v embedded gcc/bin/../lib/gcc/riscv-none-embed/8.2.0/../../../../riscv-none-embed/lib/rv32imacxw/ilp32\libg_nano.a(lib_a-printf.o) (__sinit)
d:/mounriver/mounriver_studio/toolchain/risc-v embedded gcc/bin/../lib/gcc/riscv-none-embed/8.2.0/../../../../riscv-none-embed/lib/rv32imacxw/ilp32\libg_nano.a(lib_a-fwalk.o)
                              d:/mounriver/mounriver_studio/toolchain/risc-v embedded gcc/bin/../lib/gcc/riscv-none-embed/8.2.0/../../../../riscv-none-embed/lib/rv32imacxw/ilp32\libg_nano.a(lib_a-findfp.o) (_fwalk)
d:/mounriver/mounriver_studio/toolchain/risc-v embedded gcc/bin/../lib/gcc/riscv-none-embed/8.2.0/../../../../riscv-none-embed/lib/rv32imacxw/ilp32\libg_nano.a(lib_a-impure.o)
                              d:/mounriver/mounriver_studio/toolchain/risc-v embedded gcc/bin/../lib/gcc/riscv-none-embed/8.2.0/../../../../riscv-none-embed/lib/rv32imacxw/ilp32\libg_nano.a(lib_a-fflush.o) (_global_impure_ptr)
d:/mounriver/mounriver_studio/toolchain/risc-v embedded gcc/bin/../lib/gcc/riscv-none-embed/8.2.0/../../../../riscv-none-embed/lib/rv32imacxw/ilp32\libg_nano.a(lib_a-makebuf.o)
                              d:/mounriver/mounriver_studio/toolchain/risc-v embedded gcc/bin/../lib/gcc/riscv-none-embed/8.2.0/../../../../riscv-none-embed/lib/rv32imacxw/ilp32\libg_nano.a(lib_a-wsetup.o) (__smakebuf_r)
d:/mounriver/mounriver_studio/toolchain/risc-v embedded gcc/bin/../lib/gcc/riscv-none-embed/8.2.0/../../../../riscv-none-embed/lib/rv32imacxw/ilp32\libg_nano.a(lib_a-malloc.o)
                              d:/mounriver/mounriver_studio/toolchain/risc-v embedded gcc/bin/../lib/gcc/riscv-none-embed/8.2.0/../../../../riscv-none-embed/lib/rv32imacxw/ilp32\libg_nano.a(lib_a-rand.o) (malloc)
d:/mounriver/mounriver_studio/toolchain/risc-v embedded gcc/bin/../lib/gcc/riscv-none-embed/8.2.0/../../../../riscv-none-embed/lib/rv32imacxw/ilp32\libg_nano.a(lib_a-nano-freer.o)
                              d:/mounriver/mounriver_studio/toolchain/risc-v embedded gcc/bin/../lib/gcc/riscv-none-embed/8.2.0/../../../../riscv-none-embed/lib/rv32imacxw/ilp32\libg_nano.a(lib_a-wsetup.o) (_free_r)
[...]
Memory Configuration

Name             Origin             Length             Attributes
FLASH            0x0000000000000000 0x0000000000048000 xr
RAM              0x0000000020000000 0x0000000000008000 xrw
*default*        0x0000000000000000 0xffffffffffffffff

Linker script and memory map

LOAD ./User/ch32v30x_it.o
LOAD ./User/main.o
LOAD ./User/system_ch32v30x.o
LOAD ./User/timer.o
LOAD ./User/usb_routine.o
LOAD ./USB/ch32v30x_usbhs_device.o
LOAD ./USB/usb_desc.o
LOAD ./Startup/startup_ch32v30x_D8C.o
LOAD ./Peripheral/src/ch32v30x_adc.o
LOAD ./Peripheral/src/ch32v30x_bkp.o
LOAD ./Peripheral/src/ch32v30x_can.o
LOAD ./Peripheral/src/ch32v30x_crc.o
LOAD ./Peripheral/src/ch32v30x_dac.o
LOAD ./Peripheral/src/ch32v30x_dbgmcu.o
LOAD ./Peripheral/src/ch32v30x_dma.o
LOAD ./Peripheral/src/ch32v30x_dvp.o
LOAD ./Peripheral/src/ch32v30x_eth.o
LOAD ./Peripheral/src/ch32v30x_exti.o
LOAD ./Peripheral/src/ch32v30x_flash.o
LOAD ./Peripheral/src/ch32v30x_fsmc.o
LOAD ./Peripheral/src/ch32v30x_gpio.o
LOAD ./Peripheral/src/ch32v30x_i2c.o
LOAD ./Peripheral/src/ch32v30x_iwdg.o
LOAD ./Peripheral/src/ch32v30x_misc.o
LOAD ./Peripheral/src/ch32v30x_opa.o
LOAD ./Peripheral/src/ch32v30x_pwr.o
LOAD ./Peripheral/src/ch32v30x_rcc.o
LOAD ./Peripheral/src/ch32v30x_rng.o
LOAD ./Peripheral/src/ch32v30x_rtc.o
LOAD ./Peripheral/src/ch32v30x_sdio.o
LOAD ./Peripheral/src/ch32v30x_spi.o
LOAD ./Peripheral/src/ch32v30x_tim.o
LOAD ./Peripheral/src/ch32v30x_usart.o
LOAD ./Peripheral/src/ch32v30x_wwdg.o
LOAD ./LCD/flash.o
LOAD ./LCD/lcd.o
LOAD ./LCD/spi.o
LOAD ./Debug/debug.o
LOAD ./Core/core_riscv.o
LOAD d:/mounriver/mounriver_studio/toolchain/risc-v embedded gcc/bin/../lib/gcc/riscv-none-embed/8.2.0/../../../../riscv-none-embed/lib/rv32imacxw/ilp32\libm.a
LOAD d:/mounriver/mounriver_studio/toolchain/risc-v embedded gcc/bin/../lib/gcc/riscv-none-embed/8.2.0/rv32imacxw/ilp32\libgcc.a
LOAD d:/mounriver/mounriver_studio/toolchain/risc-v embedded gcc/bin/../lib/gcc/riscv-none-embed/8.2.0/../../../../riscv-none-embed/lib/rv32imacxw/ilp32\libg_nano.a
LOAD d:/mounriver/mounriver_studio/toolchain/risc-v embedded gcc/bin/../lib/gcc/riscv-none-embed/8.2.0/../../../../riscv-none-embed/lib/rv32imacxw/ilp32\libc_nano.a
LOAD d:/mounriver/mounriver_studio/toolchain/risc-v embedded gcc/bin/../lib/gcc/riscv-none-embed/8.2.0/rv32imacxw/ilp32\libgcc.a
START GROUP
LOAD d:/mounriver/mounriver_studio/toolchain/risc-v embedded gcc/bin/../lib/gcc/riscv-none-embed/8.2.0/rv32imacxw/ilp32\libgcc.a
LOAD d:/mounriver/mounriver_studio/toolchain/risc-v embedded gcc/bin/../lib/gcc/riscv-none-embed/8.2.0/../../../../riscv-none-embed/lib/rv32imacxw/ilp32\libc_nano.a
LOAD d:/mounriver/mounriver_studio/toolchain/risc-v embedded gcc/bin/../lib/gcc/riscv-none-embed/8.2.0/../../../../riscv-none-embed/lib/rv32imacxw/ilp32\libnosys.a
END GROUP
START GROUP
LOAD d:/mounriver/mounriver_studio/toolchain/risc-v embedded gcc/bin/../lib/gcc/riscv-none-embed/8.2.0/rv32imacxw/ilp32\libgcc.a
LOAD d:/mounriver/mounriver_studio/toolchain/risc-v embedded gcc/bin/../lib/gcc/riscv-none-embed/8.2.0/../../../../riscv-none-embed/lib/rv32imacxw/ilp32\libc_nano.a
LOAD d:/mounriver/mounriver_studio/toolchain/risc-v embedded gcc/bin/../lib/gcc/riscv-none-embed/8.2.0/../../../../riscv-none-embed/lib/rv32imacxw/ilp32\libnosys.a
END GROUP
                0x0000000000000800                __stack_size = 0x800
                [!provide]                        PROVIDE (_stack_size = __stack_size)

.init           0x0000000000000000        0x4
                0x0000000000000000                _sinit = .
                0x0000000000000000                . = ALIGN (0x4)
 *(SORT_NONE(.init))
 .init          0x0000000000000000        0x4 ./Startup/startup_ch32v30x_D8C.o
                0x0000000000000000                _start
                0x0000000000000004                . = ALIGN (0x4)
                0x0000000000000004                _einit = .

.vector         0x0000000000000004      0x1bc
 *(.vector)
 .vector        0x0000000000000004      0x1a0 ./Startup/startup_ch32v30x_D8C.o
                0x00000000000001c0                . = ALIGN (0x40)
 *fill*         0x00000000000001a4       0x1c 

.text           0x00000000000001c0     0x3474
                0x00000000000001c0                . = ALIGN (0x4)
 *(.text)
 .text          0x00000000000001c0       0x60 d:/mounriver/mounriver_studio/toolchain/risc-v embedded gcc/bin/../lib/gcc/riscv-none-embed/8.2.0/rv32imacxw/ilp32\libgcc.a(save-restore.o)
                0x00000000000001c0                __riscv_save_12
                0x00000000000001c8                __riscv_save_9
                0x00000000000001c8                __riscv_save_11
                0x00000000000001c8                __riscv_save_10
                0x00000000000001c8                __riscv_save_8
                0x00000000000001d6                __riscv_save_4
                0x00000000000001d6                __riscv_save_6
                0x00000000000001d6                __riscv_save_5
                0x00000000000001d6                __riscv_save_7
                0x00000000000001f0                __riscv_save_3
                0x00000000000001f0                __riscv_save_2
                0x00000000000001f0                __riscv_save_1
                0x00000000000001f0                __riscv_save_0
                0x00000000000001fc                __riscv_restore_12
                0x0000000000000200                __riscv_restore_11
                0x0000000000000200                __riscv_restore_9
                0x0000000000000200                __riscv_restore_10
                0x0000000000000200                __riscv_restore_8
                0x000000000000020a                __riscv_restore_5
                0x000000000000020a                __riscv_restore_7
                0x000000000000020a                __riscv_restore_6
                0x000000000000020a                __riscv_restore_4
                0x0000000000000214                __riscv_restore_3
                0x0000000000000214                __riscv_restore_0
                0x0000000000000214                __riscv_restore_2
                0x0000000000000214                __riscv_restore_1
 .text          0x0000000000000220       0xa8 d:/mounriver/mounriver_studio/toolchain/risc-v embedded gcc/bin/../lib/gcc/riscv-none-embed/8.2.0/../../../../riscv-none-embed/lib/rv32imacxw/ilp32\libg_nano.a(lib_a-memset.o)
                0x0000000000000220                memset
 *(.text.*)
 .text.NMI_Handler
                0x00000000000002c8        0x2 ./User/ch32v30x_it.o
                0x00000000000002c8                NMI_Handler
 .text.HardFault_Handler
                0x00000000000002ca       0x10 ./User/ch32v30x_it.o
                0x00000000000002ca                HardFault_Handler
 .text.Get_Simulated_Stock_Price
                0x00000000000002da       0x4e ./User/main.o
                0x00000000000002da                Get_Simulated_Stock_Price
 .text.GPIO_Toggle_INIT
                0x0000000000000328       0x32 ./User/main.o
                0x0000000000000328                GPIO_Toggle_INIT
 .text.startup.main
                0x000000000000035a       0x86 ./User/main.o
                0x000000000000035a                main
 .text.SystemInit
                0x00000000000003e0       0xfa ./User/system_ch32v30x.o
                0x00000000000003e0                SystemInit
 .text.SystemCoreClockUpdate
                0x00000000000004da      0x12a ./User/system_ch32v30x.o
                0x00000000000004da                SystemCoreClockUpdate
 .text.USB_command_check
                0x0000000000000604       0xe2 ./User/usb_routine.o
                0x0000000000000604                USB_command_check
 .text.USB_TestMode_Deal
                0x00000000000006e6       0xe6 ./USB/ch32v30x_usbhs_device.o
                0x00000000000006e6                USB_TestMode_Deal
 .text.USBHS_RCC_Init
                0x00000000000007cc       0x30 ./USB/ch32v30x_usbhs_device.o
                0x00000000000007cc                USBHS_RCC_Init
 .text.USBHS_Device_Endp_Init
                0x00000000000007fc       0xbe ./USB/ch32v30x_usbhs_device.o
                0x00000000000007fc                USBHS_Device_Endp_Init
 .text.USBHS_Device_Init
                0x00000000000008ba       0x82 ./USB/ch32v30x_usbhs_device.o
                0x00000000000008ba                USBHS_Device_Init
 .text.USBHS_Endp_DataUp
                0x000000000000093c      0x116 ./USB/ch32v30x_usbhs_device.o
                0x000000000000093c                USBHS_Endp_DataUp
 .text.USBHS_IRQHandler
                0x0000000000000a52      0x99c ./USB/ch32v30x_usbhs_device.o
                0x0000000000000a52                USBHS_IRQHandler
 .text.vector_handler
                0x00000000000013ee        0x2 ./Startup/startup_ch32v30x_D8C.o
                0x00000000000013ee                EXTI2_IRQHandler
                0x00000000000013ee                TIM8_TRG_COM_IRQHandler
                0x00000000000013ee                TIM8_CC_IRQHandler
                0x00000000000013ee                UART8_IRQHandler
                0x00000000000013ee                TIM1_CC_IRQHandler
                0x00000000000013ee                TIM6_IRQHandler
                0x00000000000013ee                SysTick_Handler
                0x00000000000013ee                PVD_IRQHandler
                0x00000000000013ee                SDIO_IRQHandler
                0x00000000000013ee                TIM9_BRK_IRQHandler
                0x00000000000013ee                DMA2_Channel8_IRQHandler
                0x00000000000013ee                CAN2_RX1_IRQHandler
                0x00000000000013ee                EXTI3_IRQHandler
                0x00000000000013ee                DMA2_Channel9_IRQHandler
                0x00000000000013ee                TIM10_CC_IRQHandler
                0x00000000000013ee                USBFS_IRQHandler
                0x00000000000013ee                EXTI0_IRQHandler
                0x00000000000013ee                I2C2_EV_IRQHandler
                0x00000000000013ee                TIM10_TRG_COM_IRQHandler
                0x00000000000013ee                CAN2_SCE_IRQHandler
                0x00000000000013ee                ADC1_2_IRQHandler
                0x00000000000013ee                Break_Point_Handler
                0x00000000000013ee                SPI1_IRQHandler
                0x00000000000013ee                TAMPER_IRQHandler
                0x00000000000013ee                CAN2_RX0_IRQHandler
                0x00000000000013ee                TIM8_UP_IRQHandler
                0x00000000000013ee                Ecall_M_Mode_Handler
                0x00000000000013ee                DMA2_Channel2_IRQHandler
                0x00000000000013ee                DMA1_Channel4_IRQHandler
                0x00000000000013ee                TIM9_UP_IRQHandler
                0x00000000000013ee                USART3_IRQHandler
                0x00000000000013ee                RTC_IRQHandler
                0x00000000000013ee                DMA1_Channel7_IRQHandler
                0x00000000000013ee                CAN1_RX1_IRQHandler
                0x00000000000013ee                DVP_IRQHandler
                0x00000000000013ee                UART5_IRQHandler
                0x00000000000013ee                TIM4_IRQHandler
                0x00000000000013ee                DMA2_Channel1_IRQHandler
                0x00000000000013ee                I2C1_EV_IRQHandler
                0x00000000000013ee                DMA1_Channel6_IRQHandler
                0x00000000000013ee                UART4_IRQHandler
                0x00000000000013ee                DMA2_Channel4_IRQHandler
                0x00000000000013ee                TIM3_IRQHandler
                0x00000000000013ee                RCC_IRQHandler
                0x00000000000013ee                TIM1_TRG_COM_IRQHandler
                0x00000000000013ee                DMA1_Channel1_IRQHandler
                0x00000000000013ee                DMA2_Channel7_IRQHandler
                0x00000000000013ee                EXTI15_10_IRQHandler
                0x00000000000013ee                TIM7_IRQHandler
                0x00000000000013ee                CAN2_TX_IRQHandler
                0x00000000000013ee                TIM5_IRQHandler
                0x00000000000013ee                EXTI9_5_IRQHandler
                0x00000000000013ee                ETH_WKUP_IRQHandler
                0x00000000000013ee                SPI2_IRQHandler
                0x00000000000013ee                TIM10_BRK_IRQHandler
                0x00000000000013ee                TIM9_CC_IRQHandler
                0x00000000000013ee                DMA2_Channel5_IRQHandler
                0x00000000000013ee                DMA1_Channel5_IRQHandler
                0x00000000000013ee                EXTI4_IRQHandler
                0x00000000000013ee                USB_LP_CAN1_RX0_IRQHandler
                0x00000000000013ee                RNG_IRQHandler
                0x00000000000013ee                USB_HP_CAN1_TX_IRQHandler
                0x00000000000013ee                DMA1_Channel3_IRQHandler
                0x00000000000013ee                ETH_IRQHandler
                0x00000000000013ee                TIM1_UP_IRQHandler
                0x00000000000013ee                WWDG_IRQHandler
                0x00000000000013ee                USBHSWakeup_IRQHandler
                0x00000000000013ee                DMA2_Channel11_IRQHandler
                0x00000000000013ee                Ecall_U_Mode_Handler
                0x00000000000013ee                DMA2_Channel6_IRQHandler
                0x00000000000013ee                TIM2_IRQHandler
                0x00000000000013ee                SW_Handler
                0x00000000000013ee                TIM1_BRK_IRQHandler
                0x00000000000013ee                DMA2_Channel10_IRQHandler
                0x00000000000013ee                EXTI1_IRQHandler
                0x00000000000013ee                RTCAlarm_IRQHandler
                0x00000000000013ee                TIM10_UP_IRQHandler
                0x00000000000013ee                TIM9_TRG_COM_IRQHandler
                0x00000000000013ee                UART7_IRQHandler
                0x00000000000013ee                USART2_IRQHandler
                0x00000000000013ee                UART6_IRQHandler
                0x00000000000013ee                I2C2_ER_IRQHandler
                0x00000000000013ee                DMA1_Channel2_IRQHandler
                0x00000000000013ee                TIM8_BRK_IRQHandler
                0x00000000000013ee                CAN1_SCE_IRQHandler
                0x00000000000013ee                FLASH_IRQHandler
                0x00000000000013ee                USART1_IRQHandler
                0x00000000000013ee                SPI3_IRQHandler
                0x00000000000013ee                I2C1_ER_IRQHandler
                0x00000000000013ee                USBWakeUp_IRQHandler
                0x00000000000013ee                DMA2_Channel3_IRQHandler
 .text.handle_reset
                0x00000000000013f0       0x8e ./Startup/startup_ch32v30x_D8C.o
                0x00000000000013f0                handle_reset
 .text.GPIO_Init
                0x000000000000147e       0xc0 ./Peripheral/src/ch32v30x_gpio.o
                0x000000000000147e                GPIO_Init
 .text.GPIO_SetBits
                0x000000000000153e        0x4 ./Peripheral/src/ch32v30x_gpio.o
                0x000000000000153e                GPIO_SetBits
 .text.GPIO_ResetBits
                0x0000000000001542        0x4 ./Peripheral/src/ch32v30x_gpio.o
                0x0000000000001542                GPIO_ResetBits
 .text.GPIO_WriteBit
                0x0000000000001546        0xa ./Peripheral/src/ch32v30x_gpio.o
                0x0000000000001546                GPIO_WriteBit
 .text.NVIC_PriorityGroupConfig
                0x0000000000001550        0x6 ./Peripheral/src/ch32v30x_misc.o
                0x0000000000001550                NVIC_PriorityGroupConfig
 .text.RCC_GetClocksFreq
                0x0000000000001556      0x176 ./Peripheral/src/ch32v30x_rcc.o
                0x0000000000001556                RCC_GetClocksFreq
 .text.RCC_AHBPeriphClockCmd
                0x00000000000016cc       0x1e ./Peripheral/src/ch32v30x_rcc.o
                0x00000000000016cc                RCC_AHBPeriphClockCmd
 .text.RCC_APB2PeriphClockCmd
                0x00000000000016ea       0x1e ./Peripheral/src/ch32v30x_rcc.o
                0x00000000000016ea                RCC_APB2PeriphClockCmd
 .text.RCC_APB1PeriphClockCmd
                0x0000000000001708       0x1e ./Peripheral/src/ch32v30x_rcc.o
                0x0000000000001708                RCC_APB1PeriphClockCmd
 .text.RCC_USBHSConfig
                0x0000000000001726       0x1a ./Peripheral/src/ch32v30x_rcc.o
                0x0000000000001726                RCC_USBHSConfig
 .text.RCC_USBHSPLLCLKConfig
                0x0000000000001740       0x1a ./Peripheral/src/ch32v30x_rcc.o
                0x0000000000001740                RCC_USBHSPLLCLKConfig
 .text.RCC_USBHSPLLCKREFCLKConfig
                0x000000000000175a       0x1a ./Peripheral/src/ch32v30x_rcc.o
                0x000000000000175a                RCC_USBHSPLLCKREFCLKConfig
 .text.RCC_USBHSPHYPLLALIVEcmd
                0x0000000000001774       0x24 ./Peripheral/src/ch32v30x_rcc.o
                0x0000000000001774                RCC_USBHSPHYPLLALIVEcmd
 .text.RCC_USBCLK48MConfig
                0x0000000000001798       0x16 ./Peripheral/src/ch32v30x_rcc.o
                0x0000000000001798                RCC_USBCLK48MConfig
 .text.SPI_Init
                0x00000000000017ae       0x3e ./Peripheral/src/ch32v30x_spi.o
                0x00000000000017ae                SPI_Init
 .text.SPI_Cmd  0x00000000000017ec       0x1a ./Peripheral/src/ch32v30x_spi.o
                0x00000000000017ec                SPI_Cmd
 .text.SPI_I2S_SendData
                0x0000000000001806        0x4 ./Peripheral/src/ch32v30x_spi.o
                0x0000000000001806                SPI_I2S_SendData
 .text.SPI_I2S_GetFlagStatus
                0x000000000000180a        0xa ./Peripheral/src/ch32v30x_spi.o
                0x000000000000180a                SPI_I2S_GetFlagStatus
 .text.USART_Init
                0x0000000000001814       0x8e ./Peripheral/src/ch32v30x_usart.o
                0x0000000000001814                USART_Init
 .text.USART_Cmd
                0x00000000000018a2       0x16 ./Peripheral/src/ch32v30x_usart.o
                0x00000000000018a2                USART_Cmd
 .text.USART_SendData
                0x00000000000018b8        0x8 ./Peripheral/src/ch32v30x_usart.o
                0x00000000000018b8                USART_SendData
 .text.USART_GetFlagStatus
                0x00000000000018c0        0xa ./Peripheral/src/ch32v30x_usart.o
                0x00000000000018c0                USART_GetFlagStatus
 .text.OLED_SendByte
                0x00000000000018ca       0x38 ./LCD/lcd.o
 .text.OLED_WriteCmd
                0x0000000000001902       0x2c ./LCD/lcd.o
 .text.OLED_Refresh
                0x000000000000192e       0x66 ./LCD/lcd.o
                0x000000000000192e                OLED_Refresh
 .text.OLED_Clear
                0x0000000000001994       0x2a ./LCD/lcd.o
                0x0000000000001994                OLED_Clear
 .text.OLED_DrawPoint
                0x00000000000019be       0x4c ./LCD/lcd.o
                0x00000000000019be                OLED_DrawPoint
 .text.OLED_Chart_AddPoint
                0x0000000000001a0a       0xb4 ./LCD/lcd.o
                0x0000000000001a0a                OLED_Chart_AddPoint
 .text.OLED_ShowChar
                0x0000000000001abe       0x6e ./LCD/lcd.o
                0x0000000000001abe                OLED_ShowChar
 .text.OLED_ShowString
                0x0000000000001b2c       0x34 ./LCD/lcd.o
                0x0000000000001b2c                OLED_ShowString
 .text.OLED_Init
                0x0000000000001b60      0x158 ./LCD/lcd.o
                0x0000000000001b60                OLED_Init
 .text.Delay_Init
                0x0000000000001cb8       0x2a ./Debug/debug.o
                0x0000000000001cb8                Delay_Init
 .text.Delay_Us
                0x0000000000001ce2       0x36 ./Debug/debug.o
                0x0000000000001ce2                Delay_Us
 .text.Delay_Ms
                0x0000000000001d18       0x36 ./Debug/debug.o
                0x0000000000001d18                Delay_Ms
 .text.USART_Printf_Init
                0x0000000000001d4e       0x5a ./Debug/debug.o
                0x0000000000001d4e                USART_Printf_Init
 .text._write   0x0000000000001da8       0x3e ./Debug/debug.o
                0x0000000000001da8                _write
 .text._sbrk    0x0000000000001de6       0x2a ./Debug/debug.o
                0x0000000000001de6                _sbrk
 .text.memcpy   0x0000000000001e10       0xb2 d:/mounriver/mounriver_studio/toolchain/risc-v embedded gcc/bin/../lib/gcc/riscv-none-embed/8.2.0/../../../../riscv-none-embed/lib/rv32imacxw/ilp32\libg_nano.a(lib_a-memcpy.o)
                0x0000000000001e10                memcpy
 .text.printf   0x0000000000001ec2       0x40 d:/mounriver/mounriver_studio/toolchain/risc-v embedded gcc/bin/../lib/gcc/riscv-none-embed/8.2.0/../../../../riscv-none-embed/lib/rv32imacxw/ilp32\libg_nano.a(lib_a-printf.o)
                0x0000000000001ec2                iprintf
                0x0000000000001ec2                printf
 .text._puts_r  0x0000000000001f02       0xd4 d:/mounriver/mounriver_studio/toolchain/risc-v embedded gcc/bin/../lib/gcc/riscv-none-embed/8.2.0/../../../../riscv-none-embed/lib/rv32imacxw/ilp32\libg_nano.a(lib_a-puts.o)
                0x0000000000001f02                _puts_r
 .text.puts     0x0000000000001fd6        0xa d:/mounriver/mounriver_studio/toolchain/risc-v embedded gcc/bin/../lib/gcc/riscv-none-embed/8.2.0/../../../../riscv-none-embed/lib/rv32imacxw/ilp32\libg_nano.a(lib_a-puts.o)
                0x0000000000001fd6                puts
 .text.srand    0x0000000000001fe0       0x56 d:/mounriver/mounriver_studio/toolchain/risc-v embedded gcc/bin/../lib/gcc/riscv-none-embed/8.2.0/../../../../riscv-none-embed/lib/rv32imacxw/ilp32\libg_nano.a(lib_a-rand.o)
                0x0000000000001fe0                srand
 .text.rand     0x0000000000002036       0x84 d:/mounriver/mounriver_studio/toolchain/risc-v embedded gcc/bin/../lib/gcc/riscv-none-embed/8.2.0/../../../../riscv-none-embed/lib/rv32imacxw/ilp32\libg_nano.a(lib_a-rand.o)
                0x0000000000002036                rand
 .text.__swbuf_r
                0x00000000000020ba       0xbc d:/mounriver/mounriver_studio/toolchain/risc-v embedded gcc/bin/../lib/gcc/riscv-none-embed/8.2.0/../../../../riscv-none-embed/lib/rv32imacxw/ilp32\libg_nano.a(lib_a-wbuf.o)
                0x00000000000020ba                __swbuf_r
 .text.__swsetup_r
                0x0000000000002176       0xfc d:/mounriver/mounriver_studio/toolchain/risc-v embedded gcc/bin/../lib/gcc/riscv-none-embed/8.2.0/../../../../riscv-none-embed/lib/rv32imacxw/ilp32\libg_nano.a(lib_a-wsetup.o)
                0x0000000000002176                __swsetup_r
 .text.__sflush_r
                0x0000000000002272      0x130 d:/mounriver/mounriver_studio/toolchain/risc-v embedded gcc/bin/../lib/gcc/riscv-none-embed/8.2.0/../../../../riscv-none-embed/lib/rv32imacxw/ilp32\libg_nano.a(lib_a-fflush.o)
                0x0000000000002272                __sflush_r
 .text._fflush_r
                0x00000000000023a2       0x64 d:/mounriver/mounriver_studio/toolchain/risc-v embedded gcc/bin/../lib/gcc/riscv-none-embed/8.2.0/../../../../riscv-none-embed/lib/rv32imacxw/ilp32\libg_nano.a(lib_a-fflush.o)
                0x00000000000023a2                _fflush_r
 .text.std      0x0000000000002406       0x66 d:/mounriver/mounriver_studio/toolchain/risc-v embedded gcc/bin/../lib/gcc/riscv-none-embed/8.2.0/../../../../riscv-none-embed/lib/rv32imacxw/ilp32\libg_nano.a(lib_a-findfp.o)
 .text._cleanup_r
                0x000000000000246c        0xa d:/mounriver/mounriver_studio/toolchain/risc-v embedded gcc/bin/../lib/gcc/riscv-none-embed/8.2.0/../../../../riscv-none-embed/lib/rv32imacxw/ilp32\libg_nano.a(lib_a-findfp.o)
                0x000000000000246c                _cleanup_r
 .text.__sfmoreglue
                0x0000000000002476       0x46 d:/mounriver/mounriver_studio/toolchain/risc-v embedded gcc/bin/../lib/gcc/riscv-none-embed/8.2.0/../../../../riscv-none-embed/lib/rv32imacxw/ilp32\libg_nano.a(lib_a-findfp.o)
                0x0000000000002476                __sfmoreglue
 .text.__sinit  0x00000000000024bc       0x66 d:/mounriver/mounriver_studio/toolchain/risc-v embedded gcc/bin/../lib/gcc/riscv-none-embed/8.2.0/../../../../riscv-none-embed/lib/rv32imacxw/ilp32\libg_nano.a(lib_a-findfp.o)
                0x00000000000024bc                __sinit
 .text.__sfp    0x0000000000002522       0x9c d:/mounriver/mounriver_studio/toolchain/risc-v embedded gcc/bin/../lib/gcc/riscv-none-embed/8.2.0/../../../../riscv-none-embed/lib/rv32imacxw/ilp32\libg_nano.a(lib_a-findfp.o)
                0x0000000000002522                __sfp
 .text._fwalk_reent
                0x00000000000025be       0x6a d:/mounriver/mounriver_studio/toolchain/risc-v embedded gcc/bin/../lib/gcc/riscv-none-embed/8.2.0/../../../../riscv-none-embed/lib/rv32imacxw/ilp32\libg_nano.a(lib_a-fwalk.o)
                0x00000000000025be                _fwalk_reent
 .text.__swhatbuf_r
                0x0000000000002628       0x58 d:/mounriver/mounriver_studio/toolchain/risc-v embedded gcc/bin/../lib/gcc/riscv-none-embed/8.2.0/../../../../riscv-none-embed/lib/rv32imacxw/ilp32\libg_nano.a(lib_a-makebuf.o)
                0x0000000000002628                __swhatbuf_r
 .text.__smakebuf_r
                0x0000000000002680       0x90 d:/mounriver/mounriver_studio/toolchain/risc-v embedded gcc/bin/../lib/gcc/riscv-none-embed/8.2.0/../../../../riscv-none-embed/lib/rv32imacxw/ilp32\libg_nano.a(lib_a-makebuf.o)
                0x0000000000002680                __smakebuf_r
 .text.malloc   0x0000000000002710        0xa d:/mounriver/mounriver_studio/toolchain/risc-v embedded gcc/bin/../lib/gcc/riscv-none-embed/8.2.0/../../../../riscv-none-embed/lib/rv32imacxw/ilp32\libg_nano.a(lib_a-malloc.o)
                0x0000000000002710                malloc
 .text._free_r  0x000000000000271a       0xa8 d:/mounriver/mounriver_studio/toolchain/risc-v embedded gcc/bin/../lib/gcc/riscv-none-embed/8.2.0/../../../../riscv-none-embed/lib/rv32imacxw/ilp32\libg_nano.a(lib_a-nano-freer.o)
                0x000000000000271a                _free_r
 .text._malloc_r
                0x00000000000027c2       0xd4 d:/mounriver/mounriver_studio/toolchain/risc-v embedded gcc/bin/../lib/gcc/riscv-none-embed/8.2.0/../../../../riscv-none-embed/lib/rv32imacxw/ilp32\libg_nano.a(lib_a-nano-mallocr.o)
                0x00000000000027c2                _malloc_r
 .text.__sfputc_r
                0x0000000000002896       0x28 d:/mounriver/mounriver_studio/toolchain/risc-v embedded gcc/bin/../lib/gcc/riscv-none-embed/8.2.0/../../../../riscv-none-embed/lib/rv32imacxw/ilp32\libg_nano.a(lib_a-nano-vfprintf.o)
 .text.__sfputs_r
                0x00000000000028be       0x40 d:/mounriver/mounriver_studio/toolchain/risc-v embedded gcc/bin/../lib/gcc/riscv-none-embed/8.2.0/../../../../riscv-none-embed/lib/rv32imacxw/ilp32\libg_nano.a(lib_a-nano-vfprintf.o)
                0x00000000000028be                __sfputs_r
 .text._vfprintf_r
                0x00000000000028fe      0x286 d:/mounriver/mounriver_studio/toolchain/risc-v embedded gcc/bin/../lib/gcc/riscv-none-embed/8.2.0/../../../../riscv-none-embed/lib/rv32imacxw/ilp32\libg_nano.a(lib_a-nano-vfprintf.o)
                0x00000000000028fe                _vfprintf_r
                0x00000000000028fe                _vfiprintf_r
 .text._printf_common
                0x0000000000002b84      0x10c d:/mounriver/mounriver_studio/toolchain/risc-v embedded gcc/bin/../lib/gcc/riscv-none-embed/8.2.0/../../../../riscv-none-embed/lib/rv32imacxw/ilp32\libg_nano.a(lib_a-nano-vfprintf_i.o)
                0x0000000000002b84                _printf_common
 .text._printf_i
                0x0000000000002c90      0x2a0 d:/mounriver/mounriver_studio/toolchain/risc-v embedded gcc/bin/../lib/gcc/riscv-none-embed/8.2.0/../../../../riscv-none-embed/lib/rv32imacxw/ilp32\libg_nano.a(lib_a-nano-vfprintf_i.o)
                0x0000000000002c90                _printf_i
 .text._sbrk_r  0x0000000000002f30       0x32 d:/mounriver/mounriver_studio/toolchain/risc-v embedded gcc/bin/../lib/gcc/riscv-none-embed/8.2.0/../../../../riscv-none-embed/lib/rv32imacxw/ilp32\libg_nano.a(lib_a-sbrkr.o)
                0x0000000000002f30                _sbrk_r
 .text.__sread  0x0000000000002f62       0x2c d:/mounriver/mounriver_studio/toolchain/risc-v embedded gcc/bin/../lib/gcc/riscv-none-embed/8.2.0/../../../../riscv-none-embed/lib/rv32imacxw/ilp32\libg_nano.a(lib_a-stdio.o)
                0x0000000000002f62                __sread
 .text.__swrite
                0x0000000000002f8e       0x48 d:/mounriver/mounriver_studio/toolchain/risc-v embedded gcc/bin/../lib/gcc/riscv-none-embed/8.2.0/../../../../riscv-none-embed/lib/rv32imacxw/ilp32\libg_nano.a(lib_a-stdio.o)
                0x0000000000002f8e                __swrite
 .text.__sseek  0x0000000000002fd6       0x30 d:/mounriver/mounriver_studio/toolchain/risc-v embedded gcc/bin/../lib/gcc/riscv-none-embed/8.2.0/../../../../riscv-none-embed/lib/rv32imacxw/ilp32\libg_nano.a(lib_a-stdio.o)
                0x0000000000002fd6                __sseek
 .text.__sclose
                0x0000000000003006        0x6 d:/mounriver/mounriver_studio/toolchain/risc-v embedded gcc/bin/../lib/gcc/riscv-none-embed/8.2.0/../../../../riscv-none-embed/lib/rv32imacxw/ilp32\libg_nano.a(lib_a-stdio.o)
                0x0000000000003006                __sclose
 .text._write_r
                0x000000000000300c       0x36 d:/mounriver/mounriver_studio/toolchain/risc-v embedded gcc/bin/../lib/gcc/riscv-none-embed/8.2.0/../../../../riscv-none-embed/lib/rv32imacxw/ilp32\libg_nano.a(lib_a-writer.o)
                0x000000000000300c                _write_r
 .text._close_r
                0x0000000000003042       0x30 d:/mounriver/mounriver_studio/toolchain/risc-v embedded gcc/bin/../lib/gcc/riscv-none-embed/8.2.0/../../../../riscv-none-embed/lib/rv32imacxw/ilp32\libg_nano.a(lib_a-closer.o)
                0x0000000000003042                _close_r
 .text._fstat_r
                0x0000000000003072       0x32 d:/mounriver/mounriver_studio/toolchain/risc-v embedded gcc/bin/../lib/gcc/riscv-none-embed/8.2.0/../../../../riscv-none-embed/lib/rv32imacxw/ilp32\libg_nano.a(lib_a-fstatr.o)
                0x0000000000003072                _fstat_r
 .text._isatty_r
                0x00000000000030a4       0x30 d:/mounriver/mounriver_studio/toolchain/risc-v embedded gcc/bin/../lib/gcc/riscv-none-embed/8.2.0/../../../../riscv-none-embed/lib/rv32imacxw/ilp32\libg_nano.a(lib_a-isattyr.o)
                0x00000000000030a4                _isatty_r
 .text._lseek_r
                0x00000000000030d4       0x34 d:/mounriver/mounriver_studio/toolchain/risc-v embedded gcc/bin/../lib/gcc/riscv-none-embed/8.2.0/../../../../riscv-none-embed/lib/rv32imacxw/ilp32\libg_nano.a(lib_a-lseekr.o)
                0x00000000000030d4                _lseek_r
 .text.memchr   0x0000000000003108       0x18 d:/mounriver/mounriver_studio/toolchain/risc-v embedded gcc/bin/../lib/gcc/riscv-none-embed/8.2.0/../../../../riscv-none-embed/lib/rv32imacxw/ilp32\libg_nano.a(lib_a-memchr.o)
                0x0000000000003108                memchr
 .text.__malloc_lock
                0x0000000000003120        0x2 d:/mounriver/mounriver_studio/toolchain/risc-v embedded gcc/bin/../lib/gcc/riscv-none-embed/8.2.0/../../../../riscv-none-embed/lib/rv32imacxw/ilp32\libg_nano.a(lib_a-mlock.o)
                0x0000000000003120                __malloc_lock
 .text.__malloc_unlock
                0x0000000000003122        0x2 d:/mounriver/mounriver_studio/toolchain/risc-v embedded gcc/bin/../lib/gcc/riscv-none-embed/8.2.0/../../../../riscv-none-embed/lib/rv32imacxw/ilp32\libg_nano.a(lib_a-mlock.o)
                0x0000000000003122                __malloc_unlock
 .text._read_r  0x0000000000003124       0x34 d:/mounriver/mounriver_studio/toolchain/risc-v embedded gcc/bin/../lib/gcc/riscv-none-embed/8.2.0/../../../../riscv-none-embed/lib/rv32imacxw/ilp32\libg_nano.a(lib_a-readr.o)
                0x0000000000003124                _read_r
 .text._close   0x0000000000003158       0x10 d:/mounriver/mounriver_studio/toolchain/risc-v embedded gcc/bin/../lib/gcc/riscv-none-embed/8.2.0/../../../../riscv-none-embed/lib/rv32imacxw/ilp32\libnosys.a(close.o)
                0x0000000000003158                _close
 .text._fstat   0x0000000000003168       0x10 d:/mounriver/mounriver_studio/toolchain/risc-v embedded gcc/bin/../lib/gcc/riscv-none-embed/8.2.0/../../../../riscv-none-embed/lib/rv32imacxw/ilp32\libnosys.a(fstat.o)
                0x0000000000003168                _fstat
 .text._isatty  0x0000000000003178       0x10 d:/mounriver/mounriver_studio/toolchain/risc-v embedded gcc/bin/../lib/gcc/riscv-none-embed/8.2.0/../../../../riscv-none-embed/lib/rv32imacxw/ilp32\libnosys.a(isatty.o)
                0x0000000000003178                _isatty
 .text._lseek   0x0000000000003188       0x10 d:/mounriver/mounriver_studio/toolchain/risc-v embedded gcc/bin/../lib/gcc/riscv-none-embed/8.2.0/../../../../riscv-none-embed/lib/rv32imacxw/ilp32\libnosys.a(lseek.o)
                0x0000000000003188                _lseek
 .text._read    0x0000000000003198       0x10 d:/mounriver/mounriver_studio/toolchain/risc-v embedded gcc/bin/../lib/gcc/riscv-none-embed/8.2.0/../../../../riscv-none-embed/lib/rv32imacxw/ilp32\libnosys.a(read.o)
                0x0000000000003198                _read
 *(.rodata)
 *(.rodata*)
 .rodata.main.str1.4
                0x00000000000031a8       0x33 ./User/main.o
 *fill*         0x00000000000031db        0x1 
 .rodata.USB_command_check.str1.4
                0x00000000000031dc       0x17 ./User/usb_routine.o
 *fill*         0x00000000000031f3        0x1 
 .rodata.USBHS_IRQHandler
                0x00000000000031f4       0x48 ./USB/ch32v30x_usbhs_device.o
 .rodata.USBHS_IRQHandler.str1.4
                0x000000000000323c       0x48 ./USB/ch32v30x_usbhs_device.o
 .rodata.MyCfgDescr_FS
                0x0000000000003284       0x3c ./USB/usb_desc.o
                0x0000000000003284                MyCfgDescr_FS
 .rodata.MyCfgDescr_HS
                0x00000000000032c0       0x3c ./USB/usb_desc.o
                0x00000000000032c0                MyCfgDescr_HS
 .rodata.MyDevDescr
                0x00000000000032fc       0x12 ./USB/usb_desc.o
                0x00000000000032fc                MyDevDescr
 *fill*         0x000000000000330e        0x2 
 .rodata.MyManuInfo
                0x0000000000003310        0xe ./USB/usb_desc.o
                0x0000000000003310                MyManuInfo
 *fill*         0x000000000000331e        0x2 
 .rodata.MyProdInfo
                0x0000000000003320       0x12 ./USB/usb_desc.o
                0x0000000000003320                MyProdInfo
 *fill*         0x0000000000003332        0x2 
 .rodata.MyQuaDesc
                0x0000000000003334        0xa ./USB/usb_desc.o
                0x0000000000003334                MyQuaDesc
 *fill*         0x000000000000333e        0x2 
 .rodata.MySerNumInfo
                0x0000000000003340       0x16 ./USB/usb_desc.o
                0x0000000000003340                MySerNumInfo
 *fill*         0x0000000000003356        0x2 
 .rodata.F6x8   0x0000000000003358      0x240 ./LCD/lcd.o
                0x0000000000003358                F6x8
 .rodata.__sf_fake_stderr
                0x0000000000003598       0x20 d:/mounriver/mounriver_studio/toolchain/risc-v embedded gcc/bin/../lib/gcc/riscv-none-embed/8.2.0/../../../../riscv-none-embed/lib/rv32imacxw/ilp32\libg_nano.a(lib_a-findfp.o)
                0x0000000000003598                __sf_fake_stderr
 .rodata.__sf_fake_stdin
                0x00000000000035b8       0x20 d:/mounriver/mounriver_studio/toolchain/risc-v embedded gcc/bin/../lib/gcc/riscv-none-embed/8.2.0/../../../../riscv-none-embed/lib/rv32imacxw/ilp32\libg_nano.a(lib_a-findfp.o)
                0x00000000000035b8                __sf_fake_stdin
 .rodata.__sf_fake_stdout
                0x00000000000035d8       0x20 d:/mounriver/mounriver_studio/toolchain/risc-v embedded gcc/bin/../lib/gcc/riscv-none-embed/8.2.0/../../../../riscv-none-embed/lib/rv32imacxw/ilp32\libg_nano.a(lib_a-findfp.o)
                0x00000000000035d8                __sf_fake_stdout
 .rodata._vfprintf_r.str1.4
                0x00000000000035f8       0x13 d:/mounriver/mounriver_studio/toolchain/risc-v embedded gcc/bin/../lib/gcc/riscv-none-embed/8.2.0/../../../../riscv-none-embed/lib/rv32imacxw/ilp32\libg_nano.a(lib_a-nano-vfprintf.o)
 *fill*         0x000000000000360b        0x1 
 .rodata._printf_i.str1.4
                0x000000000000360c       0x28 d:/mounriver/mounriver_studio/toolchain/risc-v embedded gcc/bin/../lib/gcc/riscv-none-embed/8.2.0/../../../../riscv-none-embed/lib/rv32imacxw/ilp32\libg_nano.a(lib_a-nano-vfprintf_i.o)
                                         0x25 (size before relaxing)
 *(.gnu.linkonce.t.*)
                0x0000000000003634                . = ALIGN (0x4)

.rela.dyn       0x0000000000003634        0x0
 .rela.init     0x0000000000003634        0x0 ./User/ch32v30x_it.o
 .rela.vector   0x0000000000003634        0x0 ./User/ch32v30x_it.o
 .rela.text.handle_reset
                0x0000000000003634        0x0 ./User/ch32v30x_it.o
 .rela.text._sbrk
                0x0000000000003634        0x0 ./User/ch32v30x_it.o
 .rela.sdata.curbrk.5273
                0x0000000000003634        0x0 ./User/ch32v30x_it.o
 .rela.text._vfprintf_r
                0x0000000000003634        0x0 ./User/ch32v30x_it.o
 .rela.text._sbrk_r
                0x0000000000003634        0x0 ./User/ch32v30x_it.o
 .rela.text._write_r
                0x0000000000003634        0x0 ./User/ch32v30x_it.o
 .rela.text._close_r
                0x0000000000003634        0x0 ./User/ch32v30x_it.o
 .rela.text._fstat_r
                0x0000000000003634        0x0 ./User/ch32v30x_it.o
 .rela.text._isatty_r
                0x0000000000003634        0x0 ./User/ch32v30x_it.o
 .rela.text._lseek_r
                0x0000000000003634        0x0 ./User/ch32v30x_it.o
 .rela.text._read_r
                0x0000000000003634        0x0 ./User/ch32v30x_it.o
 .rela.text._close
                0x0000000000003634        0x0 ./User/ch32v30x_it.o
 .rela.text._fstat
                0x0000000000003634        0x0 ./User/ch32v30x_it.o
 .rela.text._isatty
                0x0000000000003634        0x0 ./User/ch32v30x_it.o
 .rela.text._lseek
                0x0000000000003634        0x0 ./User/ch32v30x_it.o
 .rela.text._read
                0x0000000000003634        0x0 ./User/ch32v30x_it.o

.fini           0x0000000000003634        0x0
 *(SORT_NONE(.fini))
                0x0000000000003634                . = ALIGN (0x4)
                [!provide]                        PROVIDE (_etext = .)
                [!provide]                        PROVIDE (_eitcm = .)

.preinit_array  0x0000000000003634        0x0
                [!provide]                        PROVIDE (__preinit_array_start = .)
 *(.preinit_array)
                [!provide]                        PROVIDE (__preinit_array_end = .)

.init_array     0x0000000000003634        0x0
                [!provide]                        PROVIDE (__init_array_start = .)
 *(SORT_BY_INIT_PRIORITY(.init_array.*) SORT_BY_INIT_PRIORITY(.ctors.*))
 *(.init_array EXCLUDE_FILE(*crtend?.o *crtend.o *crtbegin?.o *crtbegin.o) .ctors)
                [!provide]                        PROVIDE (__init_array_end = .)

.fini_array     0x0000000000003634        0x0
                [!provide]                        PROVIDE (__fini_array_start = .)
 *(SORT_BY_INIT_PRIORITY(.fini_array.*) SORT_BY_INIT_PRIORITY(.dtors.*))
 *(.fini_array EXCLUDE_FILE(*crtend?.o *crtend.o *crtbegin?.o *crtbegin.o) .dtors)
                [!provide]                        PROVIDE (__fini_array_end = .)

.ctors
 *crtbegin.o(.ctors)
 *crtbegin?.o(.ctors)
 *(EXCLUDE_FILE(*crtend?.o *crtend.o) .ctors)
 *(SORT_BY_NAME(.ctors.*))
 *(.ctors)

.dtors
 *crtbegin.o(.dtors)
 *crtbegin?.o(.dtors)
 *(EXCLUDE_FILE(*crtend?.o *crtend.o) .dtors)
 *(SORT_BY_NAME(.dtors.*))
 *(.dtors)

.dalign         0x0000000020000000        0x0 load address 0x0000000000003634
                0x0000000020000000                . = ALIGN (0x4)
                0x0000000020000000                PROVIDE (_data_vma = .)

.dlalign        0x0000000000003634        0x0
                0x0000000000003634                . = ALIGN (0x4)
                0x0000000000003634                PROVIDE (_data_lma = .)

.data           0x0000000020000000      0x150 load address 0x0000000000003634
 *(.gnu.linkonce.r.*)
 *(.data .data.*)
 .data.AHBPrescTable
                0x0000000020000000       0x10 ./User/system_ch32v30x.o
                0x0000000020000000                AHBPrescTable
 .data.IFTest_Buf
                0x0000000020000010       0x35 ./USB/ch32v30x_usbhs_device.o
                0x0000000020000010                IFTest_Buf
 *fill*         0x0000000020000045        0x3 
 .data.TAB_USB_FS_OSC_DESC
                0x0000000020000048       0x3c ./USB/usb_desc.o
                0x0000000020000048                TAB_USB_FS_OSC_DESC
 .data.TAB_USB_HS_OSC_DESC
                0x0000000020000084       0x3c ./USB/usb_desc.o
                0x0000000020000084                TAB_USB_HS_OSC_DESC
 .data.APBAHBPrescTable
                0x00000000200000c0       0x10 ./Peripheral/src/ch32v30x_rcc.o
 .data.impure_data
                0x00000000200000d0       0x60 d:/mounriver/mounriver_studio/toolchain/risc-v embedded gcc/bin/../lib/gcc/riscv-none-embed/8.2.0/../../../../riscv-none-embed/lib/rv32imacxw/ilp32\libg_nano.a(lib_a-impure.o)
 *(.gnu.linkonce.d.*)
                0x0000000020000130                . = ALIGN (0x8)
                0x0000000020000930                PROVIDE (__global_pointer$ = (. + 0x800))
 *(.sdata .sdata.*)
 .sdata.current_price
                0x0000000020000130        0x4 ./User/main.o
 .sdata.SystemCoreClock
                0x0000000020000134        0x4 ./User/system_ch32v30x.o
                0x0000000020000134                SystemCoreClock
 .sdata.ADCPrescTable
                0x0000000020000138        0x4 ./Peripheral/src/ch32v30x_rcc.o
 .sdata.curbrk.5273
                0x000000002000013c        0x4 ./Debug/debug.o
 .sdata._impure_ptr
                0x0000000020000140        0x4 d:/mounriver/mounriver_studio/toolchain/risc-v embedded gcc/bin/../lib/gcc/riscv-none-embed/8.2.0/../../../../riscv-none-embed/lib/rv32imacxw/ilp32\libg_nano.a(lib_a-impure.o)
                0x0000000020000140                _impure_ptr
 *(.sdata2.*)
 .sdata2.MyLangDescr
                0x0000000020000144        0x4 ./USB/usb_desc.o
                0x0000000020000144                MyLangDescr
 .sdata2._global_impure_ptr
                0x0000000020000148        0x4 d:/mounriver/mounriver_studio/toolchain/risc-v embedded gcc/bin/../lib/gcc/riscv-none-embed/8.2.0/../../../../riscv-none-embed/lib/rv32imacxw/ilp32\libg_nano.a(lib_a-impure.o)
                0x0000000020000148                _global_impure_ptr
 *(.gnu.linkonce.s.*)
                0x0000000020000150                . = ALIGN (0x8)
 *fill*         0x000000002000014c        0x4 
 *(.srodata.cst16)
 *(.srodata.cst8)
 *(.srodata.cst4)
 *(.srodata.cst2)
 *(.srodata .srodata.*)
                0x0000000020000150                . = ALIGN (0x4)
                0x0000000020000150                PROVIDE (_edata = .)

.bss            0x0000000020000150     0x2d28 load address 0x0000000000003784
                0x0000000020000150                . = ALIGN (0x4)
                0x0000000020000150                PROVIDE (_sbss = .)
 *(.sbss*)
 .sbss.LED_flag
                0x0000000020000150        0x1 ./User/main.o
                0x0000000020000150                LED_flag
 .sbss.LED_status
                0x0000000020000151        0x1 ./User/main.o
                0x0000000020000151                LED_status
 .sbss.ret      0x0000000020000152        0x1 ./User/usb_routine.o
                0x0000000020000152                ret
 .sbss.USBHS_DevAddr
                0x0000000020000153        0x1 ./USB/ch32v30x_usbhs_device.o
                0x0000000020000153                USBHS_DevAddr
 .sbss.USBHS_DevConfig
                0x0000000020000154        0x1 ./USB/ch32v30x_usbhs_device.o
                0x0000000020000154                USBHS_DevConfig
 .sbss.USBHS_DevEnumStatus
                0x0000000020000155        0x1 ./USB/ch32v30x_usbhs_device.o
                0x0000000020000155                USBHS_DevEnumStatus
 .sbss.USBHS_DevMaxPackLen
                0x0000000020000156        0x2 ./USB/ch32v30x_usbhs_device.o
                0x0000000020000156                USBHS_DevMaxPackLen
 .sbss.USBHS_DevSleepStatus
                0x0000000020000158        0x1 ./USB/ch32v30x_usbhs_device.o
                0x0000000020000158                USBHS_DevSleepStatus
 .sbss.USBHS_DevSpeed
                0x0000000020000159        0x1 ./USB/ch32v30x_usbhs_device.o
                0x0000000020000159                USBHS_DevSpeed
 .sbss.USBHS_SetupReqCode
                0x000000002000015a        0x1 ./USB/ch32v30x_usbhs_device.o
                0x000000002000015a                USBHS_SetupReqCode
 *fill*         0x000000002000015b        0x1 
 .sbss.USBHS_SetupReqIndex
                0x000000002000015c        0x2 ./USB/ch32v30x_usbhs_device.o
                0x000000002000015c                USBHS_SetupReqIndex
 .sbss.USBHS_SetupReqLen
                0x000000002000015e        0x2 ./USB/ch32v30x_usbhs_device.o
                0x000000002000015e                USBHS_SetupReqLen
 .sbss.USBHS_SetupReqType
                0x0000000020000160        0x1 ./USB/ch32v30x_usbhs_device.o
                0x0000000020000160                USBHS_SetupReqType
 *fill*         0x0000000020000161        0x1 
 .sbss.USBHS_SetupReqValue
                0x0000000020000162        0x2 ./USB/ch32v30x_usbhs_device.o
                0x0000000020000162                USBHS_SetupReqValue
 .sbss.USBHS_Test_Flag
                0x0000000020000164        0x1 ./USB/ch32v30x_usbhs_device.o
                0x0000000020000164                USBHS_Test_Flag
 *fill*         0x0000000020000165        0x3 
 .sbss.pUSBHS_Descr
                0x0000000020000168        0x4 ./USB/ch32v30x_usbhs_device.o
                0x0000000020000168                pUSBHS_Descr
 .sbss.NVIC_Priority_Group
                0x000000002000016c        0x4 ./Peripheral/src/ch32v30x_misc.o
                0x000000002000016c                NVIC_Priority_Group
 .sbss.ChartHead
                0x0000000020000170        0x1 ./LCD/lcd.o
 *fill*         0x0000000020000171        0x1 
 .sbss.p_ms     0x0000000020000172        0x2 ./Debug/debug.o
 .sbss.p_us     0x0000000020000174        0x1 ./Debug/debug.o
 *fill*         0x0000000020000175        0x3 
 .sbss.__malloc_free_list
                0x0000000020000178        0x4 d:/mounriver/mounriver_studio/toolchain/risc-v embedded gcc/bin/../lib/gcc/riscv-none-embed/8.2.0/../../../../riscv-none-embed/lib/rv32imacxw/ilp32\libg_nano.a(lib_a-nano-mallocr.o)
                0x0000000020000178                __malloc_free_list
 .sbss.__malloc_sbrk_start
                0x000000002000017c        0x4 d:/mounriver/mounriver_studio/toolchain/risc-v embedded gcc/bin/../lib/gcc/riscv-none-embed/8.2.0/../../../../riscv-none-embed/lib/rv32imacxw/ilp32\libg_nano.a(lib_a-nano-mallocr.o)
                0x000000002000017c                __malloc_sbrk_start
 *(.gnu.linkonce.sb.*)
 *(.bss*)
 .bss.Data_Buffer
                0x0000000020000180     0x2000 ./USB/ch32v30x_usbhs_device.o
                0x0000000020000180                Data_Buffer
 .bss.RingBuffer_Comm
                0x0000000020002180       0x24 ./USB/ch32v30x_usbhs_device.o
                0x0000000020002180                RingBuffer_Comm
 .bss.USBHS_EP0_Buf
                0x00000000200021a4       0x40 ./USB/ch32v30x_usbhs_device.o
                0x00000000200021a4                USBHS_EP0_Buf
 .bss.USBHS_EP3_Rx_Buf
                0x00000000200021e4      0x200 ./USB/ch32v30x_usbhs_device.o
                0x00000000200021e4                USBHS_EP3_Rx_Buf
 .bss.USBHS_EP4_Tx_Buf
                0x00000000200023e4      0x200 ./USB/ch32v30x_usbhs_device.o
                0x00000000200023e4                USBHS_EP4_Tx_Buf
 .bss.USBHS_EP5_Rx_Buf
                0x00000000200025e4      0x200 ./USB/ch32v30x_usbhs_device.o
                0x00000000200025e4                USBHS_EP5_Rx_Buf
 .bss.USBHS_EP6_Tx_Buf
                0x00000000200027e4      0x200 ./USB/ch32v30x_usbhs_device.o
                0x00000000200027e4                USBHS_EP6_Tx_Buf
 .bss.USBHS_Endp_Busy
                0x00000000200029e4       0x10 ./USB/ch32v30x_usbhs_device.o
                0x00000000200029e4                USBHS_Endp_Busy
 .bss.ChartData
                0x00000000200029f4       0x80 ./LCD/lcd.o
 .bss.OLED_GRAM
                0x0000000020002a74      0x400 ./LCD/lcd.o
 *(.gnu.linkonce.b.*)
 *(COMMON*)
 COMMON         0x0000000020002e74        0x4 d:/mounriver/mounriver_studio/toolchain/risc-v embedded gcc/bin/../lib/gcc/riscv-none-embed/8.2.0/../../../../riscv-none-embed/lib/rv32imacxw/ilp32\libg_nano.a(lib_a-reent.o)
                0x0000000020002e74                errno
                0x0000000020002e78                . = ALIGN (0x4)
                0x0000000020002e78                PROVIDE (_ebss = .)
                0x0000000020002e78                PROVIDE (_end = _ebss)
                [!provide]                        PROVIDE (end = .)

.stack          0x0000000020007800      0x800
                0x0000000020007800                PROVIDE (_heap_end = .)
                0x0000000020007800                . = ALIGN (0x4)
                [!provide]                        PROVIDE (_susrstack = .)
                0x0000000020008000                . = (. + __stack_size)
 *fill*         0x0000000020007800      0x800 
                0x0000000020008000                PROVIDE (_eusrstack = .)
OUTPUT(SPI_LCD.elf elf32-littleriscv)

.debug_info     0x0000000000000000     0xf501
 .debug_info    0x0000000000000000      0xbc0 ./User/ch32v30x_it.o
 .debug_info    0x0000000000000bc0     0x14d0 ./User/main.o
 .debug_info    0x0000000000002090      0xbb5 ./User/system_ch32v30x.o
 .debug_info    0x0000000000002c45     0x18cd ./User/usb_routine.o
 .debug_info    0x0000000000004512     0x211b ./USB/ch32v30x_usbhs_device.o
 .debug_info    0x000000000000662d      0xa8c ./USB/usb_desc.o
 .debug_info    0x00000000000070b9       0x22 ./Startup/startup_ch32v30x_D8C.o
 .debug_info    0x00000000000070db     0x12aa ./Peripheral/src/ch32v30x_gpio.o
 .debug_info    0x0000000000008385      0xf5b ./Peripheral/src/ch32v30x_misc.o
 .debug_info    0x00000000000092e0     0x158a ./Peripheral/src/ch32v30x_rcc.o
 .debug_info    0x000000000000a86a     0x12cd ./Peripheral/src/ch32v30x_spi.o
 .debug_info    0x000000000000bb37     0x13cd ./Peripheral/src/ch32v30x_usart.o
 .debug_info    0x000000000000cf04     0x16b3 ./LCD/lcd.o
 .debug_info    0x000000000000e5b7      0xf4a ./Debug/debug.o

.debug_abbrev   0x0000000000000000     0x27ee
 .debug_abbrev  0x0000000000000000      0x22c ./User/ch32v30x_it.o
 .debug_abbrev  0x000000000000022c      0x378 ./User/main.o
 .debug_abbrev  0x00000000000005a4      0x2c0 ./User/system_ch32v30x.o
 .debug_abbrev  0x0000000000000864      0x2f1 ./User/usb_routine.o
 .debug_abbrev  0x0000000000000b55      0x423 ./USB/ch32v30x_usbhs_device.o
 .debug_abbrev  0x0000000000000f78      0x1c5 ./USB/usb_desc.o
 .debug_abbrev  0x000000000000113d       0x12 ./Startup/startup_ch32v30x_D8C.o
 .debug_abbrev  0x000000000000114f      0x31a ./Peripheral/src/ch32v30x_gpio.o
 .debug_abbrev  0x0000000000001469      0x2da ./Peripheral/src/ch32v30x_misc.o
 .debug_abbrev  0x0000000000001743      0x351 ./Peripheral/src/ch32v30x_rcc.o
 .debug_abbrev  0x0000000000001a94      0x312 ./Peripheral/src/ch32v30x_spi.o
 .debug_abbrev  0x0000000000001da6      0x312 ./Peripheral/src/ch32v30x_usart.o
 .debug_abbrev  0x00000000000020b8      0x441 ./LCD/lcd.o
 .debug_abbrev  0x00000000000024f9      0x2f5 ./Debug/debug.o

.debug_aranges  0x0000000000000000      0x638
 .debug_aranges
                0x0000000000000000       0x28 ./User/ch32v30x_it.o
 .debug_aranges
                0x0000000000000028       0x30 ./User/main.o
 .debug_aranges
                0x0000000000000058       0x28 ./User/system_ch32v30x.o
 .debug_aranges
                0x0000000000000080       0x20 ./User/usb_routine.o
 .debug_aranges
                0x00000000000000a0       0x50 ./USB/ch32v30x_usbhs_device.o
 .debug_aranges
                0x00000000000000f0       0x18 ./USB/usb_desc.o
 .debug_aranges
                0x0000000000000108       0x30 ./Startup/startup_ch32v30x_D8C.o
 .debug_aranges
                0x0000000000000138       0xb0 ./Peripheral/src/ch32v30x_gpio.o
 .debug_aranges
                0x00000000000001e8       0x28 ./Peripheral/src/ch32v30x_misc.o
 .debug_aranges
                0x0000000000000210      0x1a8 ./Peripheral/src/ch32v30x_rcc.o
 .debug_aranges
                0x00000000000003b8       0xd0 ./Peripheral/src/ch32v30x_spi.o
 .debug_aranges
                0x0000000000000488       0xf0 ./Peripheral/src/ch32v30x_usart.o
 .debug_aranges
                0x0000000000000578       0x70 ./LCD/lcd.o
 .debug_aranges
                0x00000000000005e8       0x50 ./Debug/debug.o

.debug_ranges   0x0000000000000000      0x618
 .debug_ranges  0x0000000000000000       0x18 ./User/ch32v30x_it.o
 .debug_ranges  0x0000000000000018       0x20 ./User/main.o
 .debug_ranges  0x0000000000000038       0x38 ./User/system_ch32v30x.o
 .debug_ranges  0x0000000000000070       0x10 ./User/usb_routine.o
 .debug_ranges  0x0000000000000080       0x88 ./USB/ch32v30x_usbhs_device.o
 .debug_ranges  0x0000000000000108       0x28 ./Startup/startup_ch32v30x_D8C.o
 .debug_ranges  0x0000000000000130       0xa0 ./Peripheral/src/ch32v30x_gpio.o
 .debug_ranges  0x00000000000001d0       0x30 ./Peripheral/src/ch32v30x_misc.o
 .debug_ranges  0x0000000000000200      0x198 ./Peripheral/src/ch32v30x_rcc.o
 .debug_ranges  0x0000000000000398       0xc0 ./Peripheral/src/ch32v30x_spi.o
 .debug_ranges  0x0000000000000458       0xe0 ./Peripheral/src/ch32v30x_usart.o
 .debug_ranges  0x0000000000000538       0xa0 ./LCD/lcd.o
 .debug_ranges  0x00000000000005d8       0x40 ./Debug/debug.o

.debug_line     0x0000000000000000     0x9b97
 .debug_line    0x0000000000000000      0x2b0 ./User/ch32v30x_it.o
 .debug_line    0x00000000000002b0      0x68c ./User/main.o
 .debug_line    0x000000000000093c      0x903 ./User/system_ch32v30x.o
 .debug_line    0x000000000000123f      0x598 ./User/usb_routine.o
 .debug_line    0x00000000000017d7     0x1f6e ./USB/ch32v30x_usbhs_device.o
 .debug_line    0x0000000000003745      0x1fa ./USB/usb_desc.o
 .debug_line    0x000000000000393f      0x15c ./Startup/startup_ch32v30x_D8C.o
 .debug_line    0x0000000000003a9b     0x12a6 ./Peripheral/src/ch32v30x_gpio.o
 .debug_line    0x0000000000004d41      0x424 ./Peripheral/src/ch32v30x_misc.o
 .debug_line    0x0000000000005165     0x19d8 ./Peripheral/src/ch32v30x_rcc.o
 .debug_line    0x0000000000006b3d      0xd7f ./Peripheral/src/ch32v30x_spi.o
 .debug_line    0x00000000000078bc      0xf45 ./Peripheral/src/ch32v30x_usart.o
 .debug_line    0x0000000000008801      0xc08 ./LCD/lcd.o
 .debug_line    0x0000000000009409      0x78e ./Debug/debug.o

.debug_str      0x0000000000000000     0x2e4c
 .debug_str     0x0000000000000000      0x618 ./User/ch32v30x_it.o
                                        0x686 (size before relaxing)
 .debug_str     0x0000000000000618      0xa1e ./User/main.o
                                       0x108e (size before relaxing)
 .debug_str     0x0000000000001036      0x109 ./User/system_ch32v30x.o
                                        0x6eb (size before relaxing)
 .debug_str     0x000000000000113f      0x60f ./User/usb_routine.o
                                       0x1411 (size before relaxing)
 .debug_str     0x000000000000174e      0x3f9 ./USB/ch32v30x_usbhs_device.o
                                       0x17d8 (size before relaxing)
 .debug_str     0x0000000000001b47       0x12 ./USB/usb_desc.o
                                        0x639 (size before relaxing)
 .debug_str     0x0000000000001b59       0x68 ./Startup/startup_ch32v30x_D8C.o
                                         0xa5 (size before relaxing)
 .debug_str     0x0000000000001bc1      0x291 ./Peripheral/src/ch32v30x_gpio.o
                                        0x9eb (size before relaxing)
 .debug_str     0x0000000000001e52      0x128 ./Peripheral/src/ch32v30x_misc.o
                                        0xcf4 (size before relaxing)
 .debug_str     0x0000000000001f7a      0x579 ./Peripheral/src/ch32v30x_rcc.o
                                        0xd1a (size before relaxing)
 .debug_str     0x00000000000024f3      0x3ac ./Peripheral/src/ch32v30x_spi.o
                                        0xaca (size before relaxing)
 .debug_str     0x000000000000289f      0x41c ./Peripheral/src/ch32v30x_usart.o
                                        0xb35 (size before relaxing)
 .debug_str     0x0000000000002cbb       0xcf ./LCD/lcd.o
                                        0x9e4 (size before relaxing)
 .debug_str     0x0000000000002d8a       0xc2 ./Debug/debug.o
                                        0x95c (size before relaxing)

.comment        0x0000000000000000       0x33
 .comment       0x0000000000000000       0x33 ./User/ch32v30x_it.o
                                         0x34 (size before relaxing)
 .comment       0x0000000000000033       0x34 ./User/main.o
 .comment       0x0000000000000033       0x34 ./User/system_ch32v30x.o
 .comment       0x0000000000000033       0x34 ./User/usb_routine.o
 .comment       0x0000000000000033       0x34 ./USB/ch32v30x_usbhs_device.o
 .comment       0x0000000000000033       0x34 ./USB/usb_desc.o
 .comment       0x0000000000000033       0x34 ./Peripheral/src/ch32v30x_gpio.o
 .comment       0x0000000000000033       0x34 ./Peripheral/src/ch32v30x_misc.o
 .comment       0x0000000000000033       0x34 ./Peripheral/src/ch32v30x_rcc.o
 .comment       0x0000000000000033       0x34 ./Peripheral/src/ch32v30x_spi.o
 .comment       0x0000000000000033       0x34 ./Peripheral/src/ch32v30x_usart.o
 .comment       0x0000000000000033       0x34 ./LCD/lcd.o
 .comment       0x0000000000000033       0x34 ./Debug/debug.o

.debug_frame    0x0000000000000000     0x1674
 .debug_frame   0x0000000000000000       0x30 ./User/ch32v30x_it.o
 .debug_frame   0x0000000000000030       0x6c ./User/main.o
 .debug_frame   0x000000000000009c       0x3c ./User/system_ch32v30x.o
 .debug_frame   0x00000000000000d8       0x34 ./User/usb_routine.o
 .debug_frame   0x000000000000010c       0xf0 ./USB/ch32v30x_usbhs_device.o
 .debug_frame   0x00000000000001fc      0x174 ./Peripheral/src/ch32v30x_gpio.o
 .debug_frame   0x0000000000000370       0x30 ./Peripheral/src/ch32v30x_misc.o
 .debug_frame   0x00000000000003a0      0x344 ./Peripheral/src/ch32v30x_rcc.o
 .debug_frame   0x00000000000006e4      0x1a8 ./Peripheral/src/ch32v30x_spi.o
 .debug_frame   0x000000000000088c      0x1e4 ./Peripheral/src/ch32v30x_usart.o
 .debug_frame   0x0000000000000a70      0x18c ./LCD/lcd.o
 .debug_frame   0x0000000000000bfc       0xb8 ./Debug/debug.o
 .debug_frame   0x0000000000000cb4       0x20 d:/mounriver/mounriver_studio/toolchain/risc-v embedded gcc/bin/../lib/gcc/riscv-none-embed/8.2.0/../../../../riscv-none-embed/lib/rv32imacxw/ilp32\libg_nano.a(lib_a-memcpy.o)
 .debug_frame   0x0000000000000cd4       0x54 d:/mounriver/mounriver_studio/toolchain/risc-v embedded gcc/bin/../lib/gcc/riscv-none-embed/8.2.0/../../../../riscv-none-embed/lib/rv32imacxw/ilp32\libg_nano.a(lib_a-printf.o)
 .debug_frame   0x0000000000000d28       0x54 d:/mounriver/mounriver_studio/toolchain/risc-v embedded gcc/bin/../lib/gcc/riscv-none-embed/8.2.0/../../../../riscv-none-embed/lib/rv32imacxw/ilp32\libg_nano.a(lib_a-puts.o)
 .debug_frame   0x0000000000000d7c       0x5c d:/mounriver/mounriver_studio/toolchain/risc-v embedded gcc/bin/../lib/gcc/riscv-none-embed/8.2.0/../../../../riscv-none-embed/lib/rv32imacxw/ilp32\libg_nano.a(lib_a-rand.o)
 .debug_frame   0x0000000000000dd8       0x50 d:/mounriver/mounriver_studio/toolchain/risc-v embedded gcc/bin/../lib/gcc/riscv-none-embed/8.2.0/../../../../riscv-none-embed/lib/rv32imacxw/ilp32\libg_nano.a(lib_a-wbuf.o)
 .debug_frame   0x0000000000000e28       0x3c d:/mounriver/mounriver_studio/toolchain/risc-v embedded gcc/bin/../lib/gcc/riscv-none-embed/8.2.0/../../../../riscv-none-embed/lib/rv32imacxw/ilp32\libg_nano.a(lib_a-wsetup.o)
 .debug_frame   0x0000000000000e64       0x7c d:/mounriver/mounriver_studio/toolchain/risc-v embedded gcc/bin/../lib/gcc/riscv-none-embed/8.2.0/../../../../riscv-none-embed/lib/rv32imacxw/ilp32\libg_nano.a(lib_a-fflush.o)
 .debug_frame   0x0000000000000ee0      0x148 d:/mounriver/mounriver_studio/toolchain/risc-v embedded gcc/bin/../lib/gcc/riscv-none-embed/8.2.0/../../../../riscv-none-embed/lib/rv32imacxw/ilp32\libg_nano.a(lib_a-findfp.o)
 .debug_frame   0x0000000000001028       0x88 d:/mounriver/mounriver_studio/toolchain/risc-v embedded gcc/bin/../lib/gcc/riscv-none-embed/8.2.0/../../../../riscv-none-embed/lib/rv32imacxw/ilp32\libg_nano.a(lib_a-fwalk.o)
 .debug_frame   0x00000000000010b0       0x64 d:/mounriver/mounriver_studio/toolchain/risc-v embedded gcc/bin/../lib/gcc/riscv-none-embed/8.2.0/../../../../riscv-none-embed/lib/rv32imacxw/ilp32\libg_nano.a(lib_a-makebuf.o)
 .debug_frame   0x0000000000001114       0x30 d:/mounriver/mounriver_studio/toolchain/risc-v embedded gcc/bin/../lib/gcc/riscv-none-embed/8.2.0/../../../../riscv-none-embed/lib/rv32imacxw/ilp32\libg_nano.a(lib_a-malloc.o)
 .debug_frame   0x0000000000001144       0x40 d:/mounriver/mounriver_studio/toolchain/risc-v embedded gcc/bin/../lib/gcc/riscv-none-embed/8.2.0/../../../../riscv-none-embed/lib/rv32imacxw/ilp32\libg_nano.a(lib_a-nano-freer.o)
 .debug_frame   0x0000000000001184       0x40 d:/mounriver/mounriver_studio/toolchain/risc-v embedded gcc/bin/../lib/gcc/riscv-none-embed/8.2.0/../../../../riscv-none-embed/lib/rv32imacxw/ilp32\libg_nano.a(lib_a-nano-mallocr.o)
 .debug_frame   0x00000000000011c4       0xd0 d:/mounriver/mounriver_studio/toolchain/risc-v embedded gcc/bin/../lib/gcc/riscv-none-embed/8.2.0/../../../../riscv-none-embed/lib/rv32imacxw/ilp32\libg_nano.a(lib_a-nano-vfprintf.o)
 .debug_frame   0x0000000000001294       0x8c d:/mounriver/mounriver_studio/toolchain/risc-v embedded gcc/bin/../lib/gcc/riscv-none-embed/8.2.0/../../../../riscv-none-embed/lib/rv32imacxw/ilp32\libg_nano.a(lib_a-nano-vfprintf_i.o)
 .debug_frame   0x0000000000001320       0x30 d:/mounriver/mounriver_studio/toolchain/risc-v embedded gcc/bin/../lib/gcc/riscv-none-embed/8.2.0/../../../../riscv-none-embed/lib/rv32imacxw/ilp32\libg_nano.a(lib_a-sbrkr.o)
 .debug_frame   0x0000000000001350       0xa4 d:/mounriver/mounriver_studio/toolchain/risc-v embedded gcc/bin/../lib/gcc/riscv-none-embed/8.2.0/../../../../riscv-none-embed/lib/rv32imacxw/ilp32\libg_nano.a(lib_a-stdio.o)
 .debug_frame   0x00000000000013f4       0x30 d:/mounriver/mounriver_studio/toolchain/risc-v embedded gcc/bin/../lib/gcc/riscv-none-embed/8.2.0/../../../../riscv-none-embed/lib/rv32imacxw/ilp32\libg_nano.a(lib_a-writer.o)
 .debug_frame   0x0000000000001424       0x30 d:/mounriver/mounriver_studio/toolchain/risc-v embedded gcc/bin/../lib/gcc/riscv-none-embed/8.2.0/../../../../riscv-none-embed/lib/rv32imacxw/ilp32\libg_nano.a(lib_a-closer.o)
 .debug_frame   0x0000000000001454       0x30 d:/mounriver/mounriver_studio/toolchain/risc-v embedded gcc/bin/../lib/gcc/riscv-none-embed/8.2.0/../../../../riscv-none-embed/lib/rv32imacxw/ilp32\libg_nano.a(lib_a-fstatr.o)
 .debug_frame   0x0000000000001484       0x30 d:/mounriver/mounriver_studio/toolchain/risc-v embedded gcc/bin/../lib/gcc/riscv-none-embed/8.2.0/../../../../riscv-none-embed/lib/rv32imacxw/ilp32\libg_nano.a(lib_a-isattyr.o)
 .debug_frame   0x00000000000014b4       0x30 d:/mounriver/mounriver_studio/toolchain/risc-v embedded gcc/bin/../lib/gcc/riscv-none-embed/8.2.0/../../../../riscv-none-embed/lib/rv32imacxw/ilp32\libg_nano.a(lib_a-lseekr.o)
 .debug_frame   0x00000000000014e4       0x20 d:/mounriver/mounriver_studio/toolchain/risc-v embedded gcc/bin/../lib/gcc/riscv-none-embed/8.2.0/../../../../riscv-none-embed/lib/rv32imacxw/ilp32\libg_nano.a(lib_a-memchr.o)
 .debug_frame   0x0000000000001504       0x30 d:/mounriver/mounriver_studio/toolchain/risc-v embedded gcc/bin/../lib/gcc/riscv-none-embed/8.2.0/../../../../riscv-none-embed/lib/rv32imacxw/ilp32\libg_nano.a(lib_a-mlock.o)
 .debug_frame   0x0000000000001534       0x30 d:/mounriver/mounriver_studio/toolchain/risc-v embedded gcc/bin/../lib/gcc/riscv-none-embed/8.2.0/../../../../riscv-none-embed/lib/rv32imacxw/ilp32\libg_nano.a(lib_a-readr.o)
 .debug_frame   0x0000000000001564       0x70 d:/mounriver/mounriver_studio/toolchain/risc-v embedded gcc/bin/../lib/gcc/riscv-none-embed/8.2.0/../../../../riscv-none-embed/lib/rv32imacxw/ilp32\libg_nano.a(lib_a-reent.o)
 .debug_frame   0x00000000000015d4       0x20 d:/mounriver/mounriver_studio/toolchain/risc-v embedded gcc/bin/../lib/gcc/riscv-none-embed/8.2.0/../../../../riscv-none-embed/lib/rv32imacxw/ilp32\libnosys.a(close.o)
 .debug_frame   0x00000000000015f4       0x20 d:/mounriver/mounriver_studio/toolchain/risc-v embedded gcc/bin/../lib/gcc/riscv-none-embed/8.2.0/../../../../riscv-none-embed/lib/rv32imacxw/ilp32\libnosys.a(fstat.o)
 .debug_frame   0x0000000000001614       0x20 d:/mounriver/mounriver_studio/toolchain/risc-v embedded gcc/bin/../lib/gcc/riscv-none-embed/8.2.0/../../../../riscv-none-embed/lib/rv32imacxw/ilp32\libnosys.a(isatty.o)
 .debug_frame   0x0000000000001634       0x20 d:/mounriver/mounriver_studio/toolchain/risc-v embedded gcc/bin/../lib/gcc/riscv-none-embed/8.2.0/../../../../riscv-none-embed/lib/rv32imacxw/ilp32\libnosys.a(lseek.o)
 .debug_frame   0x0000000000001654       0x20 d:/mounriver/mounriver_studio/toolchain/risc-v embedded gcc/bin/../lib/gcc/riscv-none-embed/8.2.0/../../../../riscv-none-embed/lib/rv32imacxw/ilp32\libnosys.a(read.o)

.debug_loc      0x0000000000000000     0x2c24
 .debug_loc     0x0000000000000000       0x50 ./User/main.o
 .debug_loc     0x0000000000000050      0x163 ./User/system_ch32v30x.o
 .debug_loc     0x00000000000001b3       0x2a ./User/usb_routine.o
 .debug_loc     0x00000000000001dd      0x3e5 ./USB/ch32v30x_usbhs_device.o
 .debug_loc     0x00000000000005c2      0x72b ./Peripheral/src/ch32v30x_gpio.o
 .debug_loc     0x0000000000000ced       0x61 ./Peripheral/src/ch32v30x_misc.o
 .debug_loc     0x0000000000000d4e      0xadb ./Peripheral/src/ch32v30x_rcc.o
 .debug_loc     0x0000000000001829      0x598 ./Peripheral/src/ch32v30x_spi.o
 .debug_loc     0x0000000000001dc1      0x779 ./Peripheral/src/ch32v30x_usart.o
 .debug_loc     0x000000000000253a      0x573 ./LCD/lcd.o
 .debug_loc     0x0000000000002aad      0x177 ./Debug/debug.o

.stab           0x0000000000000000       0x84
 .stab          0x0000000000000000       0x24 d:/mounriver/mounriver_studio/toolchain/risc-v embedded gcc/bin/../lib/gcc/riscv-none-embed/8.2.0/../../../../riscv-none-embed/lib/rv32imacxw/ilp32\libnosys.a(close.o)
 .stab          0x0000000000000024       0x18 d:/mounriver/mounriver_studio/toolchain/risc-v embedded gcc/bin/../lib/gcc/riscv-none-embed/8.2.0/../../../../riscv-none-embed/lib/rv32imacxw/ilp32\libnosys.a(fstat.o)
                                         0x24 (size before relaxing)
 .stab          0x000000000000003c       0x18 d:/mounriver/mounriver_studio/toolchain/risc-v embedded gcc/bin/../lib/gcc/riscv-none-embed/8.2.0/../../../../riscv-none-embed/lib/rv32imacxw/ilp32\libnosys.a(isatty.o)
                                         0x24 (size before relaxing)
 .stab          0x0000000000000054       0x18 d:/mounriver/mounriver_studio/toolchain/risc-v embedded gcc/bin/../lib/gcc/riscv-none-embed/8.2.0/../../../../riscv-none-embed/lib/rv32imacxw/ilp32\libnosys.a(lseek.o)
                                         0x24 (size before relaxing)
 .stab          0x000000000000006c       0x18 d:/mounriver/mounriver_studio/toolchain/risc-v embedded gcc/bin/../lib/gcc/riscv-none-embed/8.2.0/../../../../riscv-none-embed/lib/rv32imacxw/ilp32\libnosys.a(read.o)
                                         0x24 (size before relaxing)

.stabstr        0x0000000000000000      0x117
 .stabstr       0x0000000000000000      0x117 d:/mounriver/mounriver_studio/toolchain/risc-v embedded gcc/bin/../lib/gcc/riscv-none-embed/8.2.0/../../../../riscv-none-embed/lib/rv32imacxw/ilp32\libnosys.a(close.o)
